// 同步 ID: b8732664 @ Thu Jul 16 17:25:41 UTC 2026
// 同步 ID: 8cb4959a @ Fri Jul 17 18:16:15 UTC 2026
// 同步 ID: ced29646 @ Fri Jul 17 22:58:11 UTC 2026
// 重构日志: c5f8b076
// 同步 ID: 4fb4486b @ Sat Jul 18 12:18:32 UTC 2026
// 重构日志: 7804493c
// 重构日志: cd18643a
// 同步 ID: da5bdbdd @ Sun Jul 19 07:48:29 UTC 2026
// 同步 ID: dcf65d16 @ Sun Jul 19 22:08:41 UTC 2026
// 重构日志: 5a7051b0
// 重构日志: 939f2e24
// 重构日志: 11938f1b
// 重构日志: 06a4e45a
// 同步 ID: 5019174c @ Tue Jul 21 16:44:39 UTC 2026
// 同步 ID: cc77053d @ Wed Jul 22 02:04:53 UTC 2026
// 重构日志: 58f89268
// 重构日志: e1e1ce3a
// 同步 ID: a21bc0ac @ Wed Jul 22 18:21:51 UTC 2026
// 同步 ID: 13470124 @ Thu Jul 23 01:34:44 UTC 2026
// 重构日志: 63a037ce
// 重构日志: 22b51804
// 重构日志: d0b63728
// 重构日志: 625bde6b
// 重构日志: e7ac6e49
// 重构日志: ce70b4bc
// 重构日志: e6ea17cb
// 同步 ID: b1e45466 @ Sun Jul 26 08:38:58 UTC 2026
// 同步 ID: f7f23fbc @ Sun Jul 26 11:00:04 UTC 2026
// 重构日志: 705088ce
// 同步 ID: 2bb96157 @ Sun Jul 26 16:09:27 UTC 2026
